// Jest Snapshot v1, https://goo.gl/fbAQLP

exports[`App Component should match exact snapshot 1`] = `
<div
  className="App"
>
  <telia-grid>
    <telia-row>
      <telia-col
        width={12}
      >
        <telia-heading
          tag="h1"
          variant="display-200"
        >
          Display 200 H1
        </telia-heading>
      </telia-col>
      <telia-col
        width={12}
      >
        <telia-heading
          tag="h2"
          variant="display-100"
        >
          Display 100 H2
        </telia-heading>
      </telia-col>
      <telia-col
        width={6}
      >
        <telia-heading
          tag="h3"
          variant="title-100"
        >
          Hi hello Hola
        </telia-heading>
      </telia-col>
      <telia-col
        width={6}
      >
        <telia-heading
          tag="h3"
          variant="title-200"
        >
          Hi hello Hola
        </telia-heading>
      </telia-col>
      <telia-col
        width={6}
      >
        <telia-heading
          tag="h3"
          variant="title-300"
        >
          Hi hello Hola
        </telia-heading>
      </telia-col>
      <telia-col
        width={6}
      >
        <telia-heading
          tag="h3"
          variant="title-400"
        >
          Hi hello Hola
        </telia-heading>
      </telia-col>
      <telia-col
        width={6}
      >
        <telia-heading
          tag="h3"
          variant="title-500"
        >
          Hi hello Hola
        </telia-heading>
      </telia-col>
      <telia-col
        width={6}
      >
        <telia-heading
          tag="h3"
          variant="title-600"
        >
          Hi hello Hola
        </telia-heading>
      </telia-col>
      <telia-col
        width={6}
      >
        <telia-heading
          tag="h3"
          variant="title-700"
        >
          Hi hello Hola
        </telia-heading>
      </telia-col>
    </telia-row>
  </telia-grid>
  <telia-button
    dataTestid="telia-button"
    id="telia-button"
    variant="primary"
  >
    Hi there
  </telia-button>
  <telia-p>
    loerm sddds dss sswew 
    <telia-link
      href="https://www.telia.fi"
      variant="silent"
    >
      Here
    </telia-link>
  </telia-p>
</div>
`;
